warning: struct `File` is never constructed
 --> /home/marc/Code/mine/egui/crates/egui_extras/src/loaders/file_loader.rs:9:8
  |
9 | struct File {
  |        ^^^^
  |
  = note: `#[warn(dead_code)]` on by default

warning: type alias `Entry` is never used
  --> /home/marc/Code/mine/egui/crates/egui_extras/src/loaders/file_loader.rs:14:6
   |
14 | type Entry = Poll<Result<File, String>>;
   |      ^^^^^

warning: struct `FileLoader` is never constructed
  --> /home/marc/Code/mine/egui/crates/egui_extras/src/loaders/file_loader.rs:17:12
   |
17 | pub struct FileLoader {
   |            ^^^^^^^^^^

warning: associated constant `ID` is never used
  --> /home/marc/Code/mine/egui/crates/egui_extras/src/loaders/file_loader.rs:23:15
   |
22 | impl FileLoader {
   | --------------- associated constant in this implementation
23 |     pub const ID: &'static str = egui::generate_loader_id!(FileLoader);
   |               ^^

warning: constant `PROTOCOL` is never used
  --> /home/marc/Code/mine/egui/crates/egui_extras/src/loaders/file_loader.rs:26:7
   |
26 | const PROTOCOL: &str = "file://";
   |       ^^^^^^^^

warning: function `trim_extra_slash` is never used
  --> /home/marc/Code/mine/egui/crates/egui_extras/src/loaders/file_loader.rs:33:4
   |
33 | fn trim_extra_slash(s: &str) -> &str {
   |    ^^^^^^^^^^^^^^^^

warning: non-local `impl` definition, `impl` blocks should be written at the same level as their item
  --> /home/marc/Code/mine/egui/crates/egui_extras/src/syntax_highlighting.rs:36:5
   |
25 | / pub fn highlight(
26 | |     ctx: &egui::Context,
27 | |     style: &egui::Style,
28 | |     theme: &CodeTheme,
29 | |     code: &str,
30 | |     language: &str,
31 | | ) -> LayoutJob {
   | |______________- move the `impl` block outside of this function `highlight`
...
36 |       impl egui::cache::ComputerMut<(&egui::FontId, &CodeTheme, &str, &str), LayoutJob> for Highlighter {
   |       ^^^^^------------------------^^^------------^^^---------^^^^^^^^^^^^^^^---------^^^^^^-----------
   |            |                          |              |                       |              |
   |            |                          |              |                       |              `Highlighter` is not local
   |            |                          |              |                       `LayoutJob` is not local
   |            |                          |              `CodeTheme` is not local
   |            |                          `FontId` is not local
   |            `ComputerMut` is not local
   |
   = note: an `impl` is never scoped, even when it is nested inside an item, as it may impact type checking outside of that item, which can be the case if neither the trait or the self type are at the same nesting level as the `impl`
   = note: `#[warn(non_local_definitions)]` on by default

   Compiling ronald-core v0.1.0 (/home/marc/Code/mine/ronald/ronald-core)
warning: `egui_extras` (lib) generated 7 warnings
warning: unused variable: `port`
  --> ronald-core/src/system/bus/crtc.rs:50:29
   |
50 |     pub fn read_byte(&self, port: u16) -> u8 {
   |                             ^^^^ help: if this is intentional, prefix it with an underscore: `_port`
   |
   = note: `#[warn(unused_variables)]` on by default

warning: unused variable: `port`
  --> ronald-core/src/system/bus/gate_array.rs:36:57
   |
36 |     pub fn write_byte(&mut self, memory: &mut impl Mmu, port: u16, value: u8) {
   |                                                         ^^^^ help: if this is intentional, prefix it with an underscore: `_port`

warning: unused variable: `on`
  --> ronald-core/src/system/bus/tape.rs:12:36
   |
12 |     pub fn switch_motor(&mut self, on: bool) {
   |                                    ^^ help: if this is intentional, prefix it with an underscore: `_on`

warning: unused variable: `high_amplitude`
  --> ronald-core/src/system/bus/tape.rs:20:36
   |
20 |     pub fn write_sample(&mut self, high_amplitude: bool) {
   |                                    ^^^^^^^^^^^^^^ help: if this is intentional, prefix it with an underscore: `_high_amplitude`

warning: unused variable: `enable`
   --> ronald-core/src/system/memory.rs:102:36
    |
102 |     fn enable_lower_rom(&mut self, enable: bool) {}
    |                                    ^^^^^^ help: if this is intentional, prefix it with an underscore: `_enable`

warning: unused variable: `enable`
   --> ronald-core/src/system/memory.rs:104:36
    |
104 |     fn enable_upper_rom(&mut self, enable: bool) {}
    |                                    ^^^^^^ help: if this is intentional, prefix it with an underscore: `_enable`

warning: unused variable: `upper_rom_nr`
   --> ronald-core/src/system/memory.rs:106:36
    |
106 |     fn select_upper_rom(&mut self, upper_rom_nr: u8) {}
    |                                    ^^^^^^^^^^^^ help: if this is intentional, prefix it with an underscore: `_upper_rom_nr`

warning: unused variable: `rom`
  --> ronald-core/src/lib.rs:86:33
   |
86 |     pub fn load_snapshot(&self, rom: Vec<u8>) {
   |                                 ^^^ help: if this is intentional, prefix it with an underscore: `_rom`

warning: multiple variants are never constructed
  --> ronald-core/src/system/bus/crtc.rs:10:5
   |
3  | enum Register {
   |      -------- variants in this enum
...
10 |     VerticalTotalAdjust,
   |     ^^^^^^^^^^^^^^^^^^^
...
13 |     InterlaceAndSkew,
   |     ^^^^^^^^^^^^^^^^
14 |     MaximumRasterAddress,
15 |     CursorStartRaster,
   |     ^^^^^^^^^^^^^^^^^
16 |     CursorEndRaster,
   |     ^^^^^^^^^^^^^^^
...
19 |     CursorAddressHigh,
   |     ^^^^^^^^^^^^^^^^^
20 |     CursorAddressLow,
   |     ^^^^^^^^^^^^^^^^
21 |     LightPenAddressHigh,
   |     ^^^^^^^^^^^^^^^^^^^
22 |     LightPenAddressLow,
   |     ^^^^^^^^^^^^^^^^^^
   |
   = note: `#[warn(dead_code)]` on by default

warning: method `read_register` is never used
  --> ronald-core/src/system/bus/crtc.rs:74:8
   |
37 | impl CrtController {
   | ------------------ method in this implementation
...
74 |     fn read_register(&self) -> u8 {
   |        ^^^^^^^^^^^^^

warning: method `report_status_register_3` is never used
   --> ronald-core/src/system/bus/fdc.rs:486:8
    |
103 | impl FloppyDiskController {
    | ------------------------- method in this implementation
...
486 |     fn report_status_register_3(&self) -> u8 {
    |        ^^^^^^^^^^^^^^^^^^^^^^^^

warning: method `reset_all` is never used
  --> ronald-core/src/system/bus/keyboard.rs:18:12
   |
10 | impl Keyboard {
   | ------------- method in this implementation
...
18 |     pub fn reset_all(&mut self) {
   |            ^^^^^^^^^

warning: method `decode_next` is never used
   --> ronald-core/src/system/instruction.rs:894:12
    |
863 | impl Decoder {
    | ------------ method in this implementation
...
894 |     pub fn decode_next(&mut self, memory: &impl Read) -> (Instruction, usize) {
    |            ^^^^^^^^^^^

warning: method `write_to_file` is never used
  --> ronald-core/src/system/memory.rs:83:12
   |
63 | impl Ram {
   | -------- method in this implementation
...
83 |     pub fn write_to_file(&self, file: &mut File) -> io::Result<()> {
   |            ^^^^^^^^^^^^^

   Compiling ronald-egui v0.1.0 (/home/marc/Code/mine/ronald/ronald-egui)
warning: unused import: `AudioSink`
  --> ronald-egui/src/frontend.rs:12:5
   |
12 |     AudioSink, Driver,
   |     ^^^^^^^^^
   |
   = note: `#[warn(unused_imports)]` on by default

warning: unused variable: `picked_file`
   --> ronald-egui/src/frontend.rs:252:25
    |
252 |             && let Some(picked_file) = picked_file.take()
    |                         ^^^^^^^^^^^ help: if this is intentional, prefix it with an underscore: `_picked_file`
    |
    = note: `#[warn(unused_variables)]` on by default

warning: unused variable: `modal`
   --> ronald-egui/src/keyboard.rs:108:13
    |
108 |         let modal = egui::Modal::new("key_bindings_modal".into()).show(ctx, |ui| {
    |             ^^^^^ help: if this is intentional, prefix it with an underscore: `_modal`

warning: unused variable: `cc`
  --> ronald-egui/src/lib.rs:35:16
   |
35 |     pub fn new(cc: &eframe::CreationContext<'_>) -> Self {
   |                ^^ help: if this is intentional, prefix it with an underscore: `_cc`

warning: field `texture_view` is never read
  --> ronald-egui/src/frontend/video.rs:11:5
   |
8  | pub struct EguiWgpuVideo {
   |            ------------- field in this struct
...
11 |     texture_view: wgpu::TextureView,
   |     ^^^^^^^^^^^^
   |
   = note: `#[warn(dead_code)]` on by default

warning: `ronald-core` (lib) generated 14 warnings
warning: `ronald-egui` (lib) generated 5 warnings (run `cargo fix --lib -p ronald-egui` to apply 1 suggestion)
   Compiling ronald-desktop v0.1.0 (/home/marc/Code/mine/ronald/ronald-desktop)
    Finished `release` profile [optimized] target(s) in 4.35s
     Running `target/release/ronald-desktop`
[2025-08-10T12:48:50Z TRACE ronald_core::system::bus::fdc] Reporting FDC main status register: 0b10000000
[2025-08-10T12:48:50Z TRACE ronald_core::system::bus::fdc] Reporting FDC main status register: 0b10010000
[2025-08-10T12:48:50Z TRACE ronald_core::system::bus::fdc] Reporting FDC main status register: 0b10010000
[2025-08-10T12:48:50Z DEBUG ronald_core::system::bus::fdc] Executing FDC command "Specify" with parameters [161, 3]
[2025-08-10T12:48:55Z TRACE ronald_core::system::bus::fdc] Reporting FDC main status register: 0b10010000
[2025-08-10T12:48:55Z TRACE ronald_core::system::bus::fdc] Reporting FDC main status register: 0b10010000
[2025-08-10T12:48:55Z DEBUG ronald_core::system::bus::fdc] Executing FDC command "Recalibrate" with parameters [0]
[2025-08-10T12:48:55Z TRACE ronald_core::system::bus::fdc] Reporting FDC main status register: 0b10010000
[2025-08-10T12:48:55Z DEBUG ronald_core::system::bus::fdc] Executing FDC command "SenseInterruptState" with parameters []
[2025-08-10T12:48:55Z DEBUG ronald_core::system::bus::fdc] RESULTS [8, 0]
[2025-08-10T12:48:55Z TRACE ronald_core::system::bus::fdc] Reporting FDC main status register: 0b11010000
[2025-08-10T12:48:55Z DEBUG ronald_core::system::bus::fdc] Reading result from FDC: 0x08
[2025-08-10T12:48:55Z TRACE ronald_core::system::bus::fdc] Reporting FDC main status register: 0b11010000
[2025-08-10T12:48:55Z TRACE ronald_core::system::bus::fdc] Reporting FDC main status register: 0b11010000
[2025-08-10T12:48:55Z DEBUG ronald_core::system::bus::fdc] Reading result from FDC: 0x00
[2025-08-10T12:48:55Z TRACE ronald_core::system::bus::fdc] Reporting FDC main status register: 0b10000000
[2025-08-10T12:48:55Z TRACE ronald_core::system::bus::fdc] Reporting FDC main status register: 0b10000000
[2025-08-10T12:48:55Z TRACE ronald_core::system::bus::fdc] Reporting FDC main status register: 0b10010000
[2025-08-10T12:48:55Z DEBUG ronald_core::system::bus::fdc] Executing FDC command "ReadSectorId" with parameters [0]
[2025-08-10T12:48:55Z TRACE ronald_core::system::bus::fdc] Reporting FDC main status register: 0b11010000
[2025-08-10T12:48:55Z DEBUG ronald_core::system::bus::fdc] Reading result from FDC: 0x08
[2025-08-10T12:48:55Z TRACE ronald_core::system::bus::fdc] Reporting FDC main status register: 0b11010000
[2025-08-10T12:48:55Z TRACE ronald_core::system::bus::fdc] Reporting FDC main status register: 0b11010000
[2025-08-10T12:48:55Z DEBUG ronald_core::system::bus::fdc] Reading result from FDC: 0x04
[2025-08-10T12:48:55Z TRACE ronald_core::system::bus::fdc] Reporting FDC main status register: 0b11010000
[2025-08-10T12:48:55Z TRACE ronald_core::system::bus::fdc] Reporting FDC main status register: 0b11010000
[2025-08-10T12:48:55Z DEBUG ronald_core::system::bus::fdc] Reading result from FDC: 0x00
[2025-08-10T12:48:55Z TRACE ronald_core::system::bus::fdc] Reporting FDC main status register: 0b11010000
[2025-08-10T12:48:55Z TRACE ronald_core::system::bus::fdc] Reporting FDC main status register: 0b11010000
[2025-08-10T12:48:55Z DEBUG ronald_core::system::bus::fdc] Reading result from FDC: 0x00
[2025-08-10T12:48:55Z TRACE ronald_core::system::bus::fdc] Reporting FDC main status register: 0b11010000
[2025-08-10T12:48:55Z TRACE ronald_core::system::bus::fdc] Reporting FDC main status register: 0b11010000
[2025-08-10T12:48:55Z DEBUG ronald_core::system::bus::fdc] Reading result from FDC: 0x00
[2025-08-10T12:48:55Z TRACE ronald_core::system::bus::fdc] Reporting FDC main status register: 0b11010000
[2025-08-10T12:48:55Z TRACE ronald_core::system::bus::fdc] Reporting FDC main status register: 0b11010000
[2025-08-10T12:48:55Z DEBUG ronald_core::system::bus::fdc] Reading result from FDC: 0x00
[2025-08-10T12:48:55Z TRACE ronald_core::system::bus::fdc] Reporting FDC main status register: 0b11010000
[2025-08-10T12:48:55Z TRACE ronald_core::system::bus::fdc] Reporting FDC main status register: 0b11010000
[2025-08-10T12:48:55Z DEBUG ronald_core::system::bus::fdc] Reading result from FDC: 0x00
[2025-08-10T12:48:55Z TRACE ronald_core::system::bus::fdc] Reporting FDC main status register: 0b10000000
[2025-08-10T12:48:55Z TRACE ronald_core::system::bus::fdc] Reporting FDC main status register: 0b10000000
[2025-08-10T12:48:55Z TRACE ronald_core::system::bus::fdc] Reporting FDC main status register: 0b10010000
[2025-08-10T12:48:55Z TRACE ronald_core::system::bus::fdc] Reporting FDC main status register: 0b10010000
[2025-08-10T12:48:55Z DEBUG ronald_core::system::bus::fdc] Executing FDC command "Seek" with parameters [0, 1]
[2025-08-10T12:48:55Z TRACE ronald_core::system::bus::fdc] Reporting FDC main status register: 0b10010000
[2025-08-10T12:48:55Z DEBUG ronald_core::system::bus::fdc] Executing FDC command "SenseInterruptState" with parameters []
[2025-08-10T12:48:55Z DEBUG ronald_core::system::bus::fdc] RESULTS [40, 0]
[2025-08-10T12:48:55Z TRACE ronald_core::system::bus::fdc] Reporting FDC main status register: 0b11010000
[2025-08-10T12:48:55Z DEBUG ronald_core::system::bus::fdc] Reading result from FDC: 0x28
[2025-08-10T12:48:55Z TRACE ronald_core::system::bus::fdc] Reporting FDC main status register: 0b11010000
[2025-08-10T12:48:55Z TRACE ronald_core::system::bus::fdc] Reporting FDC main status register: 0b11010000
[2025-08-10T12:48:55Z DEBUG ronald_core::system::bus::fdc] Reading result from FDC: 0x00
[2025-08-10T12:48:55Z TRACE ronald_core::system::bus::fdc] Reporting FDC main status register: 0b10000000
[2025-08-10T12:48:55Z TRACE ronald_core::system::bus::fdc] Reporting FDC main status register: 0b10000000
[2025-08-10T12:48:55Z TRACE ronald_core::system::bus::fdc] Reporting FDC main status register: 0b10010000
[2025-08-10T12:48:55Z TRACE ronald_core::system::bus::fdc] Reporting FDC main status register: 0b10010000
[2025-08-10T12:48:55Z TRACE ronald_core::system::bus::fdc] Reporting FDC main status register: 0b10010000
[2025-08-10T12:48:55Z TRACE ronald_core::system::bus::fdc] Reporting FDC main status register: 0b10010000
[2025-08-10T12:48:55Z TRACE ronald_core::system::bus::fdc] Reporting FDC main status register: 0b10010000
[2025-08-10T12:48:55Z TRACE ronald_core::system::bus::fdc] Reporting FDC main status register: 0b10010000
[2025-08-10T12:48:55Z TRACE ronald_core::system::bus::fdc] Reporting FDC main status register: 0b10010000
[2025-08-10T12:48:55Z TRACE ronald_core::system::bus::fdc] Reporting FDC main status register: 0b10010000
[2025-08-10T12:48:55Z DEBUG ronald_core::system::bus::fdc] Executing FDC command "ReadSector" with parameters [0, 1, 0, 1, 2, 1, 42, 255]
[2025-08-10T12:48:55Z TRACE ronald_core::system::bus::fdc] Reporting FDC main status register: 0b11010000
[2025-08-10T12:48:55Z TRACE ronald_core::system::bus::fdc] Reporting FDC main status register: 0b11010000
[2025-08-10T12:48:55Z DEBUG ronald_core::system::bus::fdc] Reading result from FDC: 0x08
[2025-08-10T12:48:55Z TRACE ronald_core::system::bus::fdc] Reporting FDC main status register: 0b11010000
[2025-08-10T12:48:55Z TRACE ronald_core::system::bus::fdc] Reporting FDC main status register: 0b11010000
[2025-08-10T12:48:55Z DEBUG ronald_core::system::bus::fdc] Reading result from FDC: 0x04
[2025-08-10T12:48:55Z TRACE ronald_core::system::bus::fdc] Reporting FDC main status register: 0b11010000
[2025-08-10T12:48:55Z TRACE ronald_core::system::bus::fdc] Reporting FDC main status register: 0b11010000
[2025-08-10T12:48:55Z DEBUG ronald_core::system::bus::fdc] Reading result from FDC: 0x00
[2025-08-10T12:48:55Z TRACE ronald_core::system::bus::fdc] Reporting FDC main status register: 0b11010000
[2025-08-10T12:48:55Z TRACE ronald_core::system::bus::fdc] Reporting FDC main status register: 0b11010000
[2025-08-10T12:48:55Z DEBUG ronald_core::system::bus::fdc] Reading result from FDC: 0x00
[2025-08-10T12:48:55Z TRACE ronald_core::system::bus::fdc] Reporting FDC main status register: 0b11010000
[2025-08-10T12:48:55Z TRACE ronald_core::system::bus::fdc] Reporting FDC main status register: 0b11010000
[2025-08-10T12:48:55Z DEBUG ronald_core::system::bus::fdc] Reading result from FDC: 0x00
[2025-08-10T12:48:55Z TRACE ronald_core::system::bus::fdc] Reporting FDC main status register: 0b11010000
[2025-08-10T12:48:55Z TRACE ronald_core::system::bus::fdc] Reporting FDC main status register: 0b11010000
[2025-08-10T12:48:55Z DEBUG ronald_core::system::bus::fdc] Reading result from FDC: 0x00
[2025-08-10T12:48:55Z TRACE ronald_core::system::bus::fdc] Reporting FDC main status register: 0b11010000
[2025-08-10T12:48:55Z TRACE ronald_core::system::bus::fdc] Reporting FDC main status register: 0b11010000
[2025-08-10T12:48:55Z DEBUG ronald_core::system::bus::fdc] Reading result from FDC: 0x00
[2025-08-10T12:48:55Z TRACE ronald_core::system::bus::fdc] Reporting FDC main status register: 0b10000000
[2025-08-10T12:48:55Z TRACE ronald_core::system::bus::fdc] Reporting FDC main status register: 0b10000000
[2025-08-10T12:48:55Z TRACE ronald_core::system::bus::fdc] Reporting FDC main status register: 0b10010000
[2025-08-10T12:48:55Z TRACE ronald_core::system::bus::fdc] Reporting FDC main status register: 0b10010000
[2025-08-10T12:48:55Z TRACE ronald_core::system::bus::fdc] Reporting FDC main status register: 0b10010000
[2025-08-10T12:48:55Z TRACE ronald_core::system::bus::fdc] Reporting FDC main status register: 0b10010000
[2025-08-10T12:48:55Z TRACE ronald_core::system::bus::fdc] Reporting FDC main status register: 0b10010000
[2025-08-10T12:48:55Z TRACE ronald_core::system::bus::fdc] Reporting FDC main status register: 0b10010000
[2025-08-10T12:48:55Z TRACE ronald_core::system::bus::fdc] Reporting FDC main status register: 0b10010000
[2025-08-10T12:48:55Z TRACE ronald_core::system::bus::fdc] Reporting FDC main status register: 0b10010000
[2025-08-10T12:48:55Z DEBUG ronald_core::system::bus::fdc] Executing FDC command "ReadSector" with parameters [0, 1, 0, 2, 2, 2, 42, 255]
[2025-08-10T12:48:55Z TRACE ronald_core::system::bus::fdc] Reporting FDC main status register: 0b11010000
[2025-08-10T12:48:55Z TRACE ronald_core::system::bus::fdc] Reporting FDC main status register: 0b11010000
[2025-08-10T12:48:55Z DEBUG ronald_core::system::bus::fdc] Reading result from FDC: 0x08
[2025-08-10T12:48:55Z TRACE ronald_core::system::bus::fdc] Reporting FDC main status register: 0b11010000
[2025-08-10T12:48:55Z TRACE ronald_core::system::bus::fdc] Reporting FDC main status register: 0b11010000
[2025-08-10T12:48:55Z DEBUG ronald_core::system::bus::fdc] Reading result from FDC: 0x04
[2025-08-10T12:48:55Z TRACE ronald_core::system::bus::fdc] Reporting FDC main status register: 0b11010000
[2025-08-10T12:48:55Z TRACE ronald_core::system::bus::fdc] Reporting FDC main status register: 0b11010000
[2025-08-10T12:48:55Z DEBUG ronald_core::system::bus::fdc] Reading result from FDC: 0x00
[2025-08-10T12:48:55Z TRACE ronald_core::system::bus::fdc] Reporting FDC main status register: 0b11010000
[2025-08-10T12:48:55Z TRACE ronald_core::system::bus::fdc] Reporting FDC main status register: 0b11010000
[2025-08-10T12:48:55Z DEBUG ronald_core::system::bus::fdc] Reading result from FDC: 0x00
[2025-08-10T12:48:55Z TRACE ronald_core::system::bus::fdc] Reporting FDC main status register: 0b11010000
[2025-08-10T12:48:55Z TRACE ronald_core::system::bus::fdc] Reporting FDC main status register: 0b11010000
[2025-08-10T12:48:55Z DEBUG ronald_core::system::bus::fdc] Reading result from FDC: 0x00
[2025-08-10T12:48:55Z TRACE ronald_core::system::bus::fdc] Reporting FDC main status register: 0b11010000
[2025-08-10T12:48:55Z TRACE ronald_core::system::bus::fdc] Reporting FDC main status register: 0b11010000
[2025-08-10T12:48:55Z DEBUG ronald_core::system::bus::fdc] Reading result from FDC: 0x00
[2025-08-10T12:48:55Z TRACE ronald_core::system::bus::fdc] Reporting FDC main status register: 0b11010000
[2025-08-10T12:48:55Z TRACE ronald_core::system::bus::fdc] Reporting FDC main status register: 0b11010000
[2025-08-10T12:48:55Z DEBUG ronald_core::system::bus::fdc] Reading result from FDC: 0x00
[2025-08-10T12:48:55Z TRACE ronald_core::system::bus::fdc] Reporting FDC main status register: 0b10000000
[2025-08-10T12:48:55Z TRACE ronald_core::system::bus::fdc] Reporting FDC main status register: 0b10000000
[2025-08-10T12:48:55Z TRACE ronald_core::system::bus::fdc] Reporting FDC main status register: 0b10010000
[2025-08-10T12:48:55Z TRACE ronald_core::system::bus::fdc] Reporting FDC main status register: 0b10010000
[2025-08-10T12:48:55Z TRACE ronald_core::system::bus::fdc] Reporting FDC main status register: 0b10010000
[2025-08-10T12:48:55Z TRACE ronald_core::system::bus::fdc] Reporting FDC main status register: 0b10010000
[2025-08-10T12:48:55Z TRACE ronald_core::system::bus::fdc] Reporting FDC main status register: 0b10010000
[2025-08-10T12:48:55Z TRACE ronald_core::system::bus::fdc] Reporting FDC main status register: 0b10010000
[2025-08-10T12:48:55Z TRACE ronald_core::system::bus::fdc] Reporting FDC main status register: 0b10010000
[2025-08-10T12:48:55Z TRACE ronald_core::system::bus::fdc] Reporting FDC main status register: 0b10010000
[2025-08-10T12:48:55Z DEBUG ronald_core::system::bus::fdc] Executing FDC command "ReadSector" with parameters [0, 1, 0, 3, 2, 3, 42, 255]
[2025-08-10T12:48:55Z TRACE ronald_core::system::bus::fdc] Reporting FDC main status register: 0b11010000
[2025-08-10T12:48:55Z TRACE ronald_core::system::bus::fdc] Reporting FDC main status register: 0b11010000
[2025-08-10T12:48:55Z DEBUG ronald_core::system::bus::fdc] Reading result from FDC: 0x08
[2025-08-10T12:48:55Z TRACE ronald_core::system::bus::fdc] Reporting FDC main status register: 0b11010000
[2025-08-10T12:48:55Z TRACE ronald_core::system::bus::fdc] Reporting FDC main status register: 0b11010000
[2025-08-10T12:48:55Z DEBUG ronald_core::system::bus::fdc] Reading result from FDC: 0x04
[2025-08-10T12:48:55Z TRACE ronald_core::system::bus::fdc] Reporting FDC main status register: 0b11010000
[2025-08-10T12:48:55Z TRACE ronald_core::system::bus::fdc] Reporting FDC main status register: 0b11010000
[2025-08-10T12:48:55Z DEBUG ronald_core::system::bus::fdc] Reading result from FDC: 0x00
[2025-08-10T12:48:55Z TRACE ronald_core::system::bus::fdc] Reporting FDC main status register: 0b11010000
[2025-08-10T12:48:55Z TRACE ronald_core::system::bus::fdc] Reporting FDC main status register: 0b11010000
[2025-08-10T12:48:55Z DEBUG ronald_core::system::bus::fdc] Reading result from FDC: 0x00
[2025-08-10T12:48:55Z TRACE ronald_core::system::bus::fdc] Reporting FDC main status register: 0b11010000
[2025-08-10T12:48:55Z TRACE ronald_core::system::bus::fdc] Reporting FDC main status register: 0b11010000
[2025-08-10T12:48:55Z DEBUG ronald_core::system::bus::fdc] Reading result from FDC: 0x00
[2025-08-10T12:48:55Z TRACE ronald_core::system::bus::fdc] Reporting FDC main status register: 0b11010000
[2025-08-10T12:48:55Z TRACE ronald_core::system::bus::fdc] Reporting FDC main status register: 0b11010000
[2025-08-10T12:48:55Z DEBUG ronald_core::system::bus::fdc] Reading result from FDC: 0x00
[2025-08-10T12:48:55Z TRACE ronald_core::system::bus::fdc] Reporting FDC main status register: 0b11010000
[2025-08-10T12:48:55Z TRACE ronald_core::system::bus::fdc] Reporting FDC main status register: 0b11010000
[2025-08-10T12:48:55Z DEBUG ronald_core::system::bus::fdc] Reading result from FDC: 0x00
[2025-08-10T12:48:55Z TRACE ronald_core::system::bus::fdc] Reporting FDC main status register: 0b10000000
[2025-08-10T12:48:55Z TRACE ronald_core::system::bus::fdc] Reporting FDC main status register: 0b10000000
[2025-08-10T12:48:55Z TRACE ronald_core::system::bus::fdc] Reporting FDC main status register: 0b10010000
[2025-08-10T12:48:55Z TRACE ronald_core::system::bus::fdc] Reporting FDC main status register: 0b10010000
[2025-08-10T12:48:55Z TRACE ronald_core::system::bus::fdc] Reporting FDC main status register: 0b10010000
[2025-08-10T12:48:55Z TRACE ronald_core::system::bus::fdc] Reporting FDC main status register: 0b10010000
[2025-08-10T12:48:55Z TRACE ronald_core::system::bus::fdc] Reporting FDC main status register: 0b10010000
[2025-08-10T12:48:55Z TRACE ronald_core::system::bus::fdc] Reporting FDC main status register: 0b10010000
[2025-08-10T12:48:55Z TRACE ronald_core::system::bus::fdc] Reporting FDC main status register: 0b10010000
[2025-08-10T12:48:55Z TRACE ronald_core::system::bus::fdc] Reporting FDC main status register: 0b10010000
[2025-08-10T12:48:55Z DEBUG ronald_core::system::bus::fdc] Executing FDC command "ReadSector" with parameters [0, 1, 0, 4, 2, 4, 42, 255]
[2025-08-10T12:48:55Z TRACE ronald_core::system::bus::fdc] Reporting FDC main status register: 0b11010000
[2025-08-10T12:48:55Z TRACE ronald_core::system::bus::fdc] Reporting FDC main status register: 0b11010000
[2025-08-10T12:48:55Z DEBUG ronald_core::system::bus::fdc] Reading result from FDC: 0x08
[2025-08-10T12:48:55Z TRACE ronald_core::system::bus::fdc] Reporting FDC main status register: 0b11010000
[2025-08-10T12:48:55Z TRACE ronald_core::system::bus::fdc] Reporting FDC main status register: 0b11010000
[2025-08-10T12:48:55Z DEBUG ronald_core::system::bus::fdc] Reading result from FDC: 0x04
[2025-08-10T12:48:55Z TRACE ronald_core::system::bus::fdc] Reporting FDC main status register: 0b11010000
[2025-08-10T12:48:55Z TRACE ronald_core::system::bus::fdc] Reporting FDC main status register: 0b11010000
[2025-08-10T12:48:55Z DEBUG ronald_core::system::bus::fdc] Reading result from FDC: 0x00
[2025-08-10T12:48:55Z TRACE ronald_core::system::bus::fdc] Reporting FDC main status register: 0b11010000
[2025-08-10T12:48:55Z TRACE ronald_core::system::bus::fdc] Reporting FDC main status register: 0b11010000
[2025-08-10T12:48:55Z DEBUG ronald_core::system::bus::fdc] Reading result from FDC: 0x00
[2025-08-10T12:48:55Z TRACE ronald_core::system::bus::fdc] Reporting FDC main status register: 0b11010000
[2025-08-10T12:48:55Z TRACE ronald_core::system::bus::fdc] Reporting FDC main status register: 0b11010000
[2025-08-10T12:48:55Z DEBUG ronald_core::system::bus::fdc] Reading result from FDC: 0x00
[2025-08-10T12:48:55Z TRACE ronald_core::system::bus::fdc] Reporting FDC main status register: 0b11010000
[2025-08-10T12:48:55Z TRACE ronald_core::system::bus::fdc] Reporting FDC main status register: 0b11010000
[2025-08-10T12:48:55Z DEBUG ronald_core::system::bus::fdc] Reading result from FDC: 0x00
[2025-08-10T12:48:55Z TRACE ronald_core::system::bus::fdc] Reporting FDC main status register: 0b11010000
[2025-08-10T12:48:55Z TRACE ronald_core::system::bus::fdc] Reporting FDC main status register: 0b11010000
[2025-08-10T12:48:55Z DEBUG ronald_core::system::bus::fdc] Reading result from FDC: 0x00
[2025-08-10T12:48:55Z TRACE ronald_core::system::bus::fdc] Reporting FDC main status register: 0b10000000
